[1/302] : && /usr/bin/c++ -fPIC -O2 -g -DNDEBUG  -fuse-ld=gold -shared -Wl,-soname,libTemplatePlugin.so -o src/modules/simulation/gz_plugins/libTemplatePlugin.so src/modules/simulation/gz_plugins/template_plugin/CMakeFiles/TemplatePlugin.dir/TemplateSystem.cpp.o -L/home/daroe/PX4-Autopilot_thyra/build/px4_sitl_default/external/Install/lib -Wl,-rpath,/home/daroe/PX4-Autopilot_thyra/build/px4_sitl_default/external/Install/lib  src/modules/simulation/gz_msgs/libpx4_gz_msgs.a  /usr/lib/x86_64-linux-gnu/libgz-sensors8.so.8.2.2  /usr/lib/x86_64-linux-gnu/libgz-sim8.so.8.9.0  /usr/lib/x86_64-linux-gnu/libprotobuf.so  /usr/lib/x86_64-linux-gnu/libsdformat14.so.14.7.0  /usr/lib/x86_64-linux-gnu/libgz-fuel_tools9.so.9.1.1  /usr/lib/x86_64-linux-gnu/libgz-gui8.so.8.4.0  /usr/lib/x86_64-linux-gnu/libgz-plugin2-loader.so.2.0.4  /usr/lib/x86_64-linux-gnu/libQt5QuickControls2.so.5.15.3  /usr/lib/x86_64-linux-gnu/libQt5Quick.so.5.15.3  /usr/lib/x86_64-linux-gnu/libQt5QmlModels.so.5.15.3  /usr/lib/x86_64-linux-gnu/libQt5Qml.so.5.15.3  /usr/lib/x86_64-linux-gnu/libQt5Network.so.5.15.3  /usr/lib/x86_64-linux-gnu/libQt5Widgets.so.5.15.3  /usr/lib/x86_64-linux-gnu/libQt5Gui.so.5.15.3  /usr/lib/x86_64-linux-gnu/libQt5Core.so.5.15.3  /usr/lib/x86_64-linux-gnu/libgz-physics7.so.7.5.0  /usr/lib/x86_64-linux-gnu/libgz-plugin2.so.2.0.4  /usr/lib/x86_64-linux-gnu/libgz-rendering8.so.8.2.2  /usr/lib/x86_64-linux-gnu/libgz-common5-profiler.so.5.7.1  /usr/lib/x86_64-linux-gnu/libgz-common5-events.so.5.7.1  /usr/lib/x86_64-linux-gnu/libgz-common5-av.so.5.7.1  /usr/lib/x86_64-linux-gnu/libswscale.so  /usr/lib/x86_64-linux-gnu/libswscale.so  /usr/lib/x86_64-linux-gnu/libavdevice.so  /usr/lib/x86_64-linux-gnu/libavdevice.so  /usr/lib/x86_64-linux-gnu/libavformat.so  /usr/lib/x86_64-linux-gnu/libavformat.so  /usr/lib/x86_64-linux-gnu/libavcodec.so  /usr/lib/x86_64-linux-gnu/libavcodec.so  /usr/lib/x86_64-linux-gnu/libavutil.so  /usr/lib/x86_64-linux-gnu/libavutil.so  /usr/lib/x86_64-linux-gnu/libgz-common5-io.so.5.7.1  /usr/lib/x86_64-linux-gnu/libgz-common5-testing.so.5.7.1  /usr/lib/x86_64-linux-gnu/libgz-common5-geospatial.so.5.7.1  /usr/lib/x86_64-linux-gnu/libgz-common5-graphics.so.5.7.1  /usr/lib/x86_64-linux-gnu/libgz-common5.so.5.7.1  -lpthread  /usr/lib/x86_64-linux-gnu/libgz-transport13-parameters.so.13.4.1  /usr/lib/x86_64-linux-gnu/libgz-transport13.so.13.4.1  /usr/lib/x86_64-linux-gnu/libgz-msgs10.so.10.3.2  /usr/lib/x86_64-linux-gnu/libgz-math7.so.7.5.1  /usr/local/lib/libtinyxml2.a  /usr/local/lib/libtinyxml2.a  /usr/lib/x86_64-linux-gnu/libuuid.so  /usr/lib/x86_64-linux-gnu/libuuid.so  /usr/lib/x86_64-linux-gnu/libgz-utils2.so.2.2.1  /usr/lib/x86_64-linux-gnu/libprotobuf.so && :
FAILED: src/modules/simulation/gz_plugins/libTemplatePlugin.so 
: && /usr/bin/c++ -fPIC -O2 -g -DNDEBUG  -fuse-ld=gold -shared -Wl,-soname,libTemplatePlugin.so -o src/modules/simulation/gz_plugins/libTemplatePlugin.so src/modules/simulation/gz_plugins/template_plugin/CMakeFiles/TemplatePlugin.dir/TemplateSystem.cpp.o -L/home/daroe/PX4-Autopilot_thyra/build/px4_sitl_default/external/Install/lib -Wl,-rpath,/home/daroe/PX4-Autopilot_thyra/build/px4_sitl_default/external/Install/lib  src/modules/simulation/gz_msgs/libpx4_gz_msgs.a  /usr/lib/x86_64-linux-gnu/libgz-sensors8.so.8.2.2  /usr/lib/x86_64-linux-gnu/libgz-sim8.so.8.9.0  /usr/lib/x86_64-linux-gnu/libprotobuf.so  /usr/lib/x86_64-linux-gnu/libsdformat14.so.14.7.0  /usr/lib/x86_64-linux-gnu/libgz-fuel_tools9.so.9.1.1  /usr/lib/x86_64-linux-gnu/libgz-gui8.so.8.4.0  /usr/lib/x86_64-linux-gnu/libgz-plugin2-loader.so.2.0.4  /usr/lib/x86_64-linux-gnu/libQt5QuickControls2.so.5.15.3  /usr/lib/x86_64-linux-gnu/libQt5Quick.so.5.15.3  /usr/lib/x86_64-linux-gnu/libQt5QmlModels.so.5.15.3  /usr/lib/x86_64-linux-gnu/libQt5Qml.so.5.15.3  /usr/lib/x86_64-linux-gnu/libQt5Network.so.5.15.3  /usr/lib/x86_64-linux-gnu/libQt5Widgets.so.5.15.3  /usr/lib/x86_64-linux-gnu/libQt5Gui.so.5.15.3  /usr/lib/x86_64-linux-gnu/libQt5Core.so.5.15.3  /usr/lib/x86_64-linux-gnu/libgz-physics7.so.7.5.0  /usr/lib/x86_64-linux-gnu/libgz-plugin2.so.2.0.4  /usr/lib/x86_64-linux-gnu/libgz-rendering8.so.8.2.2  /usr/lib/x86_64-linux-gnu/libgz-common5-profiler.so.5.7.1  /usr/lib/x86_64-linux-gnu/libgz-common5-events.so.5.7.1  /usr/lib/x86_64-linux-gnu/libgz-common5-av.so.5.7.1  /usr/lib/x86_64-linux-gnu/libswscale.so  /usr/lib/x86_64-linux-gnu/libswscale.so  /usr/lib/x86_64-linux-gnu/libavdevice.so  /usr/lib/x86_64-linux-gnu/libavdevice.so  /usr/lib/x86_64-linux-gnu/libavformat.so  /usr/lib/x86_64-linux-gnu/libavformat.so  /usr/lib/x86_64-linux-gnu/libavcodec.so  /usr/lib/x86_64-linux-gnu/libavcodec.so  /usr/lib/x86_64-linux-gnu/libavutil.so  /usr/lib/x86_64-linux-gnu/libavutil.so  /usr/lib/x86_64-linux-gnu/libgz-common5-io.so.5.7.1  /usr/lib/x86_64-linux-gnu/libgz-common5-testing.so.5.7.1  /usr/lib/x86_64-linux-gnu/libgz-common5-geospatial.so.5.7.1  /usr/lib/x86_64-linux-gnu/libgz-common5-graphics.so.5.7.1  /usr/lib/x86_64-linux-gnu/libgz-common5.so.5.7.1  -lpthread  /usr/lib/x86_64-linux-gnu/libgz-transport13-parameters.so.13.4.1  /usr/lib/x86_64-linux-gnu/libgz-transport13.so.13.4.1  /usr/lib/x86_64-linux-gnu/libgz-msgs10.so.10.3.2  /usr/lib/x86_64-linux-gnu/libgz-math7.so.7.5.1  /usr/local/lib/libtinyxml2.a  /usr/local/lib/libtinyxml2.a  /usr/lib/x86_64-linux-gnu/libuuid.so  /usr/lib/x86_64-linux-gnu/libuuid.so  /usr/lib/x86_64-linux-gnu/libgz-utils2.so.2.2.1  /usr/lib/x86_64-linux-gnu/libprotobuf.so && :
/usr/bin/ld.gold: error: /usr/local/lib/libtinyxml2.a(tinyxml2.cpp.o): requires dynamic R_X86_64_PC32 reloc against '_ZN8tinyxml27XMLUtil13writeBoolTrueE' which may overflow at runtime; recompile with -fPIC
/usr/bin/ld.gold: error: /usr/local/lib/libtinyxml2.a(tinyxml2.cpp.o): requires dynamic R_X86_64_PC32 reloc against '_ZTVN8tinyxml210XMLVisitorE' which may overflow at runtime; recompile with -fPIC
/usr/bin/ld.gold: error: /usr/local/lib/libtinyxml2.a(tinyxml2.cpp.o): requires dynamic R_X86_64_PC32 reloc against '_ZTVN8tinyxml27XMLTextE' which may overflow at runtime; recompile with -fPIC
/usr/bin/ld.gold: error: /usr/local/lib/libtinyxml2.a(tinyxml2.cpp.o): requires dynamic R_X86_64_PC32 reloc against '_ZTVN8tinyxml27XMLTextE' which may overflow at runtime; recompile with -fPIC
/usr/bin/ld.gold: error: /usr/local/lib/libtinyxml2.a(tinyxml2.cpp.o): requires dynamic R_X86_64_PC32 reloc against '_ZTVN8tinyxml212XMLAttributeE' which may overflow at runtime; recompile with -fPIC
/usr/bin/ld.gold: error: /usr/local/lib/libtinyxml2.a(tinyxml2.cpp.o): requires dynamic R_X86_64_PC32 reloc against '_ZTVN8tinyxml212XMLAttributeE' which may overflow at runtime; recompile with -fPIC
/usr/bin/ld.gold: error: /usr/local/lib/libtinyxml2.a(tinyxml2.cpp.o): requires dynamic R_X86_64_PC32 reloc against '_ZTVN8tinyxml210XMLPrinterE' which may overflow at runtime; recompile with -fPIC
/usr/bin/ld.gold: error: /usr/local/lib/libtinyxml2.a(tinyxml2.cpp.o): requires dynamic R_X86_64_PC32 reloc against '_ZTVN8tinyxml210XMLVisitorE' which may overflow at runtime; recompile with -fPIC
collect2: error: ld returned 1 exit status
[2/302] : && /usr/bin/c++ -fPIC -O2 -g -DNDEBUG  -fuse-ld=gold -shared -Wl,-soname,libOpticalFlowSystem.so -o src/modules/simulation/gz_plugins/libOpticalFlowSystem.so src/modules/simulation/gz_plugins/optical_flow/CMakeFiles/OpticalFlowSystem.dir/OpticalFlowSensor.cpp.o src/modules/simulation/gz_plugins/optical_flow/CMakeFiles/OpticalFlowSystem.dir/OpticalFlowSystem.cpp.o -L/home/daroe/PX4-Autopilot_thyra/build/px4_sitl_default/external/Install/lib   -L/usr/local/cuda-12.8/lib64   -L/home/daroe/PX4-Autopilot_thyra/build/px4_sitl_default/OpticalFlow/install/lib -Wl,-rpath,/home/daroe/PX4-Autopilot_thyra/build/px4_sitl_default/external/Install/lib:/usr/local/cuda-12.8/lib64:/usr/local/lib:/home/daroe/PX4-Autopilot_thyra/build/px4_sitl_default/OpticalFlow/install/lib  src/modules/simulation/gz_msgs/libpx4_gz_msgs.a  /usr/lib/x86_64-linux-gnu/libgz-sensors8.so.8.2.2  /usr/lib/x86_64-linux-gnu/libgz-sim8.so.8.9.0  /usr/local/lib/libopencv_gapi.so.4.11.0  /usr/local/lib/libopencv_stitching.so.4.11.0  /usr/local/lib/libopencv_alphamat.so.4.11.0  /usr/local/lib/libopencv_aruco.so.4.11.0  /usr/local/lib/libopencv_bgsegm.so.4.11.0  /usr/local/lib/libopencv_bioinspired.so.4.11.0  /usr/local/lib/libopencv_ccalib.so.4.11.0  /usr/local/lib/libopencv_cudabgsegm.so.4.11.0  /usr/local/lib/libopencv_cudafeatures2d.so.4.11.0  /usr/local/lib/libopencv_cudaobjdetect.so.4.11.0  /usr/local/lib/libopencv_cudastereo.so.4.11.0  /usr/local/lib/libopencv_cvv.so.4.11.0  /usr/local/lib/libopencv_dnn_objdetect.so.4.11.0  /usr/local/lib/libopencv_dnn_superres.so.4.11.0  /usr/local/lib/libopencv_dpm.so.4.11.0  /usr/local/lib/libopencv_face.so.4.11.0  /usr/local/lib/libopencv_freetype.so.4.11.0  /usr/local/lib/libopencv_fuzzy.so.4.11.0  /usr/local/lib/libopencv_hdf.so.4.11.0  /usr/local/lib/libopencv_hfs.so.4.11.0  /usr/local/lib/libopencv_img_hash.so.4.11.0  /usr/local/lib/libopencv_intensity_transform.so.4.11.0  /usr/local/lib/libopencv_line_descriptor.so.4.11.0  /usr/local/lib/libopencv_mcc.so.4.11.0  /usr/local/lib/libopencv_quality.so.4.11.0  /usr/local/lib/libopencv_rapid.so.4.11.0  /usr/local/lib/libopencv_reg.so.4.11.0  /usr/local/lib/libopencv_rgbd.so.4.11.0  /usr/local/lib/libopencv_saliency.so.4.11.0  /usr/local/lib/libopencv_signal.so.4.11.0  /usr/local/lib/libopencv_stereo.so.4.11.0  /usr/local/lib/libopencv_structured_light.so.4.11.0  /usr/local/lib/libopencv_superres.so.4.11.0  /usr/local/lib/libopencv_surface_matching.so.4.11.0  /usr/local/lib/libopencv_tracking.so.4.11.0  /usr/local/lib/libopencv_videostab.so.4.11.0  /usr/local/lib/libopencv_viz.so.4.11.0  /usr/local/lib/libopencv_wechat_qrcode.so.4.11.0  /usr/local/lib/libopencv_xfeatures2d.so.4.11.0  /usr/local/lib/libopencv_xobjdetect.so.4.11.0  /usr/local/lib/libopencv_xphoto.so.4.11.0  -lOpticalFlow  /usr/lib/x86_64-linux-gnu/libprotobuf.so  /usr/lib/x86_64-linux-gnu/libsdformat14.so.14.7.0  /usr/lib/x86_64-linux-gnu/libgz-fuel_tools9.so.9.1.1  /usr/lib/x86_64-linux-gnu/libgz-gui8.so.8.4.0  /usr/lib/x86_64-linux-gnu/libgz-plugin2-loader.so.2.0.4  /usr/lib/x86_64-linux-gnu/libQt5QuickControls2.so.5.15.3  /usr/lib/x86_64-linux-gnu/libQt5Quick.so.5.15.3  /usr/lib/x86_64-linux-gnu/libQt5QmlModels.so.5.15.3  /usr/lib/x86_64-linux-gnu/libQt5Qml.so.5.15.3  /usr/lib/x86_64-linux-gnu/libQt5Network.so.5.15.3  /usr/lib/x86_64-linux-gnu/libgz-physics7.so.7.5.0  /usr/lib/x86_64-linux-gnu/libgz-plugin2.so.2.0.4  /usr/lib/x86_64-linux-gnu/libgz-rendering8.so.8.2.2  /usr/lib/x86_64-linux-gnu/libgz-common5-profiler.so.5.7.1  /usr/lib/x86_64-linux-gnu/libgz-common5-events.so.5.7.1  /usr/lib/x86_64-linux-gnu/libgz-common5-av.so.5.7.1  /usr/lib/x86_64-linux-gnu/libswscale.so  /usr/lib/x86_64-linux-gnu/libswscale.so  /usr/lib/x86_64-linux-gnu/libavdevice.so  /usr/lib/x86_64-linux-gnu/libavdevice.so  /usr/lib/x86_64-linux-gnu/libavformat.so  /usr/lib/x86_64-linux-gnu/libavformat.so  /usr/lib/x86_64-linux-gnu/libavcodec.so  /usr/lib/x86_64-linux-gnu/libavcodec.so  /usr/lib/x86_64-linux-gnu/libavutil.so  /usr/lib/x86_64-linux-gnu/libavutil.so  /usr/lib/x86_64-linux-gnu/libgz-common5-io.so.5.7.1  /usr/lib/x86_64-linux-gnu/libgz-common5-testing.so.5.7.1  /usr/lib/x86_64-linux-gnu/libgz-common5-geospatial.so.5.7.1  /usr/lib/x86_64-linux-gnu/libgz-common5-graphics.so.5.7.1  /usr/lib/x86_64-linux-gnu/libgz-common5.so.5.7.1  -lpthread  /usr/lib/x86_64-linux-gnu/libgz-transport13-parameters.so.13.4.1  /usr/lib/x86_64-linux-gnu/libgz-transport13.so.13.4.1  /usr/lib/x86_64-linux-gnu/libgz-msgs10.so.10.3.2  /usr/lib/x86_64-linux-gnu/libgz-math7.so.7.5.1  /usr/local/lib/libtinyxml2.a  /usr/local/lib/libtinyxml2.a  /usr/lib/x86_64-linux-gnu/libuuid.so  /usr/lib/x86_64-linux-gnu/libuuid.so  /usr/lib/x86_64-linux-gnu/libgz-utils2.so.2.2.1  /usr/lib/x86_64-linux-gnu/libprotobuf.so  /usr/local/lib/libopencv_shape.so.4.11.0  /usr/local/lib/libopencv_highgui.so.4.11.0  /usr/lib/x86_64-linux-gnu/libQt5Widgets.so.5.15.3  /usr/lib/x86_64-linux-gnu/libQt5Gui.so.5.15.3  /usr/lib/x86_64-linux-gnu/libQt5Core.so.5.15.3  /usr/local/lib/libopencv_datasets.so.4.11.0  /usr/local/lib/libopencv_plot.so.4.11.0  /usr/local/lib/libopencv_text.so.4.11.0  /usr/local/lib/libopencv_ml.so.4.11.0  /usr/local/lib/libopencv_phase_unwrapping.so.4.11.0  /usr/local/lib/libopencv_cudacodec.so.4.11.0  /usr/local/lib/libopencv_videoio.so.4.11.0  /usr/local/lib/libopencv_cudaoptflow.so.4.11.0  /usr/local/lib/libopencv_cudalegacy.so.4.11.0  /usr/local/lib/libopencv_cudawarping.so.4.11.0  /usr/local/lib/libopencv_optflow.so.4.11.0  /usr/local/lib/libopencv_ximgproc.so.4.11.0  /usr/local/lib/libopencv_video.so.4.11.0  /usr/local/lib/libopencv_imgcodecs.so.4.11.0  /usr/local/lib/libopencv_objdetect.so.4.11.0  /usr/local/lib/libopencv_calib3d.so.4.11.0  /usr/local/lib/libopencv_dnn.so.4.11.0  /usr/local/lib/libopencv_features2d.so.4.11.0  /usr/local/lib/libopencv_flann.so.4.11.0  /usr/local/lib/libopencv_photo.so.4.11.0  /usr/local/lib/libopencv_cudaimgproc.so.4.11.0  /usr/local/lib/libopencv_cudafilters.so.4.11.0  /usr/local/lib/libopencv_imgproc.so.4.11.0  /usr/local/lib/libopencv_cudaarithm.so.4.11.0  /usr/local/lib/libopencv_core.so.4.11.0  /usr/local/lib/libopencv_cudev.so.4.11.0 && :
FAILED: src/modules/simulation/gz_plugins/libOpticalFlowSystem.so 
: && /usr/bin/c++ -fPIC -O2 -g -DNDEBUG  -fuse-ld=gold -shared -Wl,-soname,libOpticalFlowSystem.so -o src/modules/simulation/gz_plugins/libOpticalFlowSystem.so src/modules/simulation/gz_plugins/optical_flow/CMakeFiles/OpticalFlowSystem.dir/OpticalFlowSensor.cpp.o src/modules/simulation/gz_plugins/optical_flow/CMakeFiles/OpticalFlowSystem.dir/OpticalFlowSystem.cpp.o -L/home/daroe/PX4-Autopilot_thyra/build/px4_sitl_default/external/Install/lib   -L/usr/local/cuda-12.8/lib64   -L/home/daroe/PX4-Autopilot_thyra/build/px4_sitl_default/OpticalFlow/install/lib -Wl,-rpath,/home/daroe/PX4-Autopilot_thyra/build/px4_sitl_default/external/Install/lib:/usr/local/cuda-12.8/lib64:/usr/local/lib:/home/daroe/PX4-Autopilot_thyra/build/px4_sitl_default/OpticalFlow/install/lib  src/modules/simulation/gz_msgs/libpx4_gz_msgs.a  /usr/lib/x86_64-linux-gnu/libgz-sensors8.so.8.2.2  /usr/lib/x86_64-linux-gnu/libgz-sim8.so.8.9.0  /usr/local/lib/libopencv_gapi.so.4.11.0  /usr/local/lib/libopencv_stitching.so.4.11.0  /usr/local/lib/libopencv_alphamat.so.4.11.0  /usr/local/lib/libopencv_aruco.so.4.11.0  /usr/local/lib/libopencv_bgsegm.so.4.11.0  /usr/local/lib/libopencv_bioinspired.so.4.11.0  /usr/local/lib/libopencv_ccalib.so.4.11.0  /usr/local/lib/libopencv_cudabgsegm.so.4.11.0  /usr/local/lib/libopencv_cudafeatures2d.so.4.11.0  /usr/local/lib/libopencv_cudaobjdetect.so.4.11.0  /usr/local/lib/libopencv_cudastereo.so.4.11.0  /usr/local/lib/libopencv_cvv.so.4.11.0  /usr/local/lib/libopencv_dnn_objdetect.so.4.11.0  /usr/local/lib/libopencv_dnn_superres.so.4.11.0  /usr/local/lib/libopencv_dpm.so.4.11.0  /usr/local/lib/libopencv_face.so.4.11.0  /usr/local/lib/libopencv_freetype.so.4.11.0  /usr/local/lib/libopencv_fuzzy.so.4.11.0  /usr/local/lib/libopencv_hdf.so.4.11.0  /usr/local/lib/libopencv_hfs.so.4.11.0  /usr/local/lib/libopencv_img_hash.so.4.11.0  /usr/local/lib/libopencv_intensity_transform.so.4.11.0  /usr/local/lib/libopencv_line_descriptor.so.4.11.0  /usr/local/lib/libopencv_mcc.so.4.11.0  /usr/local/lib/libopencv_quality.so.4.11.0  /usr/local/lib/libopencv_rapid.so.4.11.0  /usr/local/lib/libopencv_reg.so.4.11.0  /usr/local/lib/libopencv_rgbd.so.4.11.0  /usr/local/lib/libopencv_saliency.so.4.11.0  /usr/local/lib/libopencv_signal.so.4.11.0  /usr/local/lib/libopencv_stereo.so.4.11.0  /usr/local/lib/libopencv_structured_light.so.4.11.0  /usr/local/lib/libopencv_superres.so.4.11.0  /usr/local/lib/libopencv_surface_matching.so.4.11.0  /usr/local/lib/libopencv_tracking.so.4.11.0  /usr/local/lib/libopencv_videostab.so.4.11.0  /usr/local/lib/libopencv_viz.so.4.11.0  /usr/local/lib/libopencv_wechat_qrcode.so.4.11.0  /usr/local/lib/libopencv_xfeatures2d.so.4.11.0  /usr/local/lib/libopencv_xobjdetect.so.4.11.0  /usr/local/lib/libopencv_xphoto.so.4.11.0  -lOpticalFlow  /usr/lib/x86_64-linux-gnu/libprotobuf.so  /usr/lib/x86_64-linux-gnu/libsdformat14.so.14.7.0  /usr/lib/x86_64-linux-gnu/libgz-fuel_tools9.so.9.1.1  /usr/lib/x86_64-linux-gnu/libgz-gui8.so.8.4.0  /usr/lib/x86_64-linux-gnu/libgz-plugin2-loader.so.2.0.4  /usr/lib/x86_64-linux-gnu/libQt5QuickControls2.so.5.15.3  /usr/lib/x86_64-linux-gnu/libQt5Quick.so.5.15.3  /usr/lib/x86_64-linux-gnu/libQt5QmlModels.so.5.15.3  /usr/lib/x86_64-linux-gnu/libQt5Qml.so.5.15.3  /usr/lib/x86_64-linux-gnu/libQt5Network.so.5.15.3  /usr/lib/x86_64-linux-gnu/libgz-physics7.so.7.5.0  /usr/lib/x86_64-linux-gnu/libgz-plugin2.so.2.0.4  /usr/lib/x86_64-linux-gnu/libgz-rendering8.so.8.2.2  /usr/lib/x86_64-linux-gnu/libgz-common5-profiler.so.5.7.1  /usr/lib/x86_64-linux-gnu/libgz-common5-events.so.5.7.1  /usr/lib/x86_64-linux-gnu/libgz-common5-av.so.5.7.1  /usr/lib/x86_64-linux-gnu/libswscale.so  /usr/lib/x86_64-linux-gnu/libswscale.so  /usr/lib/x86_64-linux-gnu/libavdevice.so  /usr/lib/x86_64-linux-gnu/libavdevice.so  /usr/lib/x86_64-linux-gnu/libavformat.so  /usr/lib/x86_64-linux-gnu/libavformat.so  /usr/lib/x86_64-linux-gnu/libavcodec.so  /usr/lib/x86_64-linux-gnu/libavcodec.so  /usr/lib/x86_64-linux-gnu/libavutil.so  /usr/lib/x86_64-linux-gnu/libavutil.so  /usr/lib/x86_64-linux-gnu/libgz-common5-io.so.5.7.1  /usr/lib/x86_64-linux-gnu/libgz-common5-testing.so.5.7.1  /usr/lib/x86_64-linux-gnu/libgz-common5-geospatial.so.5.7.1  /usr/lib/x86_64-linux-gnu/libgz-common5-graphics.so.5.7.1  /usr/lib/x86_64-linux-gnu/libgz-common5.so.5.7.1  -lpthread  /usr/lib/x86_64-linux-gnu/libgz-transport13-parameters.so.13.4.1  /usr/lib/x86_64-linux-gnu/libgz-transport13.so.13.4.1  /usr/lib/x86_64-linux-gnu/libgz-msgs10.so.10.3.2  /usr/lib/x86_64-linux-gnu/libgz-math7.so.7.5.1  /usr/local/lib/libtinyxml2.a  /usr/local/lib/libtinyxml2.a  /usr/lib/x86_64-linux-gnu/libuuid.so  /usr/lib/x86_64-linux-gnu/libuuid.so  /usr/lib/x86_64-linux-gnu/libgz-utils2.so.2.2.1  /usr/lib/x86_64-linux-gnu/libprotobuf.so  /usr/local/lib/libopencv_shape.so.4.11.0  /usr/local/lib/libopencv_highgui.so.4.11.0  /usr/lib/x86_64-linux-gnu/libQt5Widgets.so.5.15.3  /usr/lib/x86_64-linux-gnu/libQt5Gui.so.5.15.3  /usr/lib/x86_64-linux-gnu/libQt5Core.so.5.15.3  /usr/local/lib/libopencv_datasets.so.4.11.0  /usr/local/lib/libopencv_plot.so.4.11.0  /usr/local/lib/libopencv_text.so.4.11.0  /usr/local/lib/libopencv_ml.so.4.11.0  /usr/local/lib/libopencv_phase_unwrapping.so.4.11.0  /usr/local/lib/libopencv_cudacodec.so.4.11.0  /usr/local/lib/libopencv_videoio.so.4.11.0  /usr/local/lib/libopencv_cudaoptflow.so.4.11.0  /usr/local/lib/libopencv_cudalegacy.so.4.11.0  /usr/local/lib/libopencv_cudawarping.so.4.11.0  /usr/local/lib/libopencv_optflow.so.4.11.0  /usr/local/lib/libopencv_ximgproc.so.4.11.0  /usr/local/lib/libopencv_video.so.4.11.0  /usr/local/lib/libopencv_imgcodecs.so.4.11.0  /usr/local/lib/libopencv_objdetect.so.4.11.0  /usr/local/lib/libopencv_calib3d.so.4.11.0  /usr/local/lib/libopencv_dnn.so.4.11.0  /usr/local/lib/libopencv_features2d.so.4.11.0  /usr/local/lib/libopencv_flann.so.4.11.0  /usr/local/lib/libopencv_photo.so.4.11.0  /usr/local/lib/libopencv_cudaimgproc.so.4.11.0  /usr/local/lib/libopencv_cudafilters.so.4.11.0  /usr/local/lib/libopencv_imgproc.so.4.11.0  /usr/local/lib/libopencv_cudaarithm.so.4.11.0  /usr/local/lib/libopencv_core.so.4.11.0  /usr/local/lib/libopencv_cudev.so.4.11.0 && :
/usr/bin/ld.gold: error: /usr/local/lib/libtinyxml2.a(tinyxml2.cpp.o): requires dynamic R_X86_64_PC32 reloc against '_ZN8tinyxml27XMLUtil13writeBoolTrueE' which may overflow at runtime; recompile with -fPIC
/usr/bin/ld.gold: error: /usr/local/lib/libtinyxml2.a(tinyxml2.cpp.o): requires dynamic R_X86_64_PC32 reloc against '_ZTVN8tinyxml210XMLVisitorE' which may overflow at runtime; recompile with -fPIC
/usr/bin/ld.gold: error: /usr/local/lib/libtinyxml2.a(tinyxml2.cpp.o): requires dynamic R_X86_64_PC32 reloc against '_ZTVN8tinyxml27XMLTextE' which may overflow at runtime; recompile with -fPIC
/usr/bin/ld.gold: error: /usr/local/lib/libtinyxml2.a(tinyxml2.cpp.o): requires dynamic R_X86_64_PC32 reloc against '_ZTVN8tinyxml27XMLTextE' which may overflow at runtime; recompile with -fPIC
/usr/bin/ld.gold: error: /usr/local/lib/libtinyxml2.a(tinyxml2.cpp.o): requires dynamic R_X86_64_PC32 reloc against '_ZTVN8tinyxml212XMLAttributeE' which may overflow at runtime; recompile with -fPIC
/usr/bin/ld.gold: error: /usr/local/lib/libtinyxml2.a(tinyxml2.cpp.o): requires dynamic R_X86_64_PC32 reloc against '_ZTVN8tinyxml212XMLAttributeE' which may overflow at runtime; recompile with -fPIC
/usr/bin/ld.gold: error: /usr/local/lib/libtinyxml2.a(tinyxml2.cpp.o): requires dynamic R_X86_64_PC32 reloc against '_ZTVN8tinyxml210XMLPrinterE' which may overflow at runtime; recompile with -fPIC
/usr/bin/ld.gold: error: /usr/local/lib/libtinyxml2.a(tinyxml2.cpp.o): requires dynamic R_X86_64_PC32 reloc against '_ZTVN8tinyxml210XMLVisitorE' which may overflow at runtime; recompile with -fPIC
collect2: error: ld returned 1 exit status
[3/302] : && /usr/bin/c++ -fPIC -O2 -g -DNDEBUG  -fuse-ld=gold -shared -Wl,-soname,libGstCameraSystem.so -o src/modules/simulation/gz_plugins/libGstCameraSystem.so src/modules/simulation/gz_plugins/gstreamer/CMakeFiles/GstCameraSystem.dir/GstCameraSystem.cpp.o -L/home/daroe/PX4-Autopilot_thyra/build/px4_sitl_default/external/Install/lib -Wl,-rpath,/home/daroe/PX4-Autopilot_thyra/build/px4_sitl_default/external/Install/lib  src/modules/simulation/gz_msgs/libpx4_gz_msgs.a  /usr/lib/x86_64-linux-gnu/libgz-sensors8.so.8.2.2  /usr/lib/x86_64-linux-gnu/libgz-sim8.so.8.9.0  -lgstreamer-1.0  -lgobject-2.0  -lglib-2.0  -lgstapp-1.0  -lgstbase-1.0  -lgstreamer-1.0  -lgobject-2.0  -lglib-2.0  /usr/lib/x86_64-linux-gnu/libprotobuf.so  /usr/lib/x86_64-linux-gnu/libsdformat14.so.14.7.0  /usr/lib/x86_64-linux-gnu/libgz-fuel_tools9.so.9.1.1  /usr/lib/x86_64-linux-gnu/libgz-gui8.so.8.4.0  /usr/lib/x86_64-linux-gnu/libgz-plugin2-loader.so.2.0.4  /usr/lib/x86_64-linux-gnu/libQt5QuickControls2.so.5.15.3  /usr/lib/x86_64-linux-gnu/libQt5Quick.so.5.15.3  /usr/lib/x86_64-linux-gnu/libQt5QmlModels.so.5.15.3  /usr/lib/x86_64-linux-gnu/libQt5Qml.so.5.15.3  /usr/lib/x86_64-linux-gnu/libQt5Network.so.5.15.3  /usr/lib/x86_64-linux-gnu/libQt5Widgets.so.5.15.3  /usr/lib/x86_64-linux-gnu/libQt5Gui.so.5.15.3  /usr/lib/x86_64-linux-gnu/libQt5Core.so.5.15.3  /usr/lib/x86_64-linux-gnu/libgz-physics7.so.7.5.0  /usr/lib/x86_64-linux-gnu/libgz-plugin2.so.2.0.4  /usr/lib/x86_64-linux-gnu/libgz-rendering8.so.8.2.2  /usr/lib/x86_64-linux-gnu/libgz-common5-profiler.so.5.7.1  /usr/lib/x86_64-linux-gnu/libgz-common5-events.so.5.7.1  /usr/lib/x86_64-linux-gnu/libgz-common5-av.so.5.7.1  /usr/lib/x86_64-linux-gnu/libswscale.so  /usr/lib/x86_64-linux-gnu/libswscale.so  /usr/lib/x86_64-linux-gnu/libavdevice.so  /usr/lib/x86_64-linux-gnu/libavdevice.so  /usr/lib/x86_64-linux-gnu/libavformat.so  /usr/lib/x86_64-linux-gnu/libavformat.so  /usr/lib/x86_64-linux-gnu/libavcodec.so  /usr/lib/x86_64-linux-gnu/libavcodec.so  /usr/lib/x86_64-linux-gnu/libavutil.so  /usr/lib/x86_64-linux-gnu/libavutil.so  /usr/lib/x86_64-linux-gnu/libgz-common5-io.so.5.7.1  /usr/lib/x86_64-linux-gnu/libgz-common5-testing.so.5.7.1  /usr/lib/x86_64-linux-gnu/libgz-common5-geospatial.so.5.7.1  /usr/lib/x86_64-linux-gnu/libgz-common5-graphics.so.5.7.1  /usr/lib/x86_64-linux-gnu/libgz-common5.so.5.7.1  -lpthread  /usr/lib/x86_64-linux-gnu/libgz-transport13-parameters.so.13.4.1  /usr/lib/x86_64-linux-gnu/libgz-transport13.so.13.4.1  /usr/lib/x86_64-linux-gnu/libgz-msgs10.so.10.3.2  /usr/lib/x86_64-linux-gnu/libgz-math7.so.7.5.1  /usr/local/lib/libtinyxml2.a  /usr/local/lib/libtinyxml2.a  /usr/lib/x86_64-linux-gnu/libuuid.so  /usr/lib/x86_64-linux-gnu/libuuid.so  /usr/lib/x86_64-linux-gnu/libgz-utils2.so.2.2.1  /usr/lib/x86_64-linux-gnu/libprotobuf.so  -lgstapp-1.0  -lgstbase-1.0 && :
FAILED: src/modules/simulation/gz_plugins/libGstCameraSystem.so 
: && /usr/bin/c++ -fPIC -O2 -g -DNDEBUG  -fuse-ld=gold -shared -Wl,-soname,libGstCameraSystem.so -o src/modules/simulation/gz_plugins/libGstCameraSystem.so src/modules/simulation/gz_plugins/gstreamer/CMakeFiles/GstCameraSystem.dir/GstCameraSystem.cpp.o -L/home/daroe/PX4-Autopilot_thyra/build/px4_sitl_default/external/Install/lib -Wl,-rpath,/home/daroe/PX4-Autopilot_thyra/build/px4_sitl_default/external/Install/lib  src/modules/simulation/gz_msgs/libpx4_gz_msgs.a  /usr/lib/x86_64-linux-gnu/libgz-sensors8.so.8.2.2  /usr/lib/x86_64-linux-gnu/libgz-sim8.so.8.9.0  -lgstreamer-1.0  -lgobject-2.0  -lglib-2.0  -lgstapp-1.0  -lgstbase-1.0  -lgstreamer-1.0  -lgobject-2.0  -lglib-2.0  /usr/lib/x86_64-linux-gnu/libprotobuf.so  /usr/lib/x86_64-linux-gnu/libsdformat14.so.14.7.0  /usr/lib/x86_64-linux-gnu/libgz-fuel_tools9.so.9.1.1  /usr/lib/x86_64-linux-gnu/libgz-gui8.so.8.4.0  /usr/lib/x86_64-linux-gnu/libgz-plugin2-loader.so.2.0.4  /usr/lib/x86_64-linux-gnu/libQt5QuickControls2.so.5.15.3  /usr/lib/x86_64-linux-gnu/libQt5Quick.so.5.15.3  /usr/lib/x86_64-linux-gnu/libQt5QmlModels.so.5.15.3  /usr/lib/x86_64-linux-gnu/libQt5Qml.so.5.15.3  /usr/lib/x86_64-linux-gnu/libQt5Network.so.5.15.3  /usr/lib/x86_64-linux-gnu/libQt5Widgets.so.5.15.3  /usr/lib/x86_64-linux-gnu/libQt5Gui.so.5.15.3  /usr/lib/x86_64-linux-gnu/libQt5Core.so.5.15.3  /usr/lib/x86_64-linux-gnu/libgz-physics7.so.7.5.0  /usr/lib/x86_64-linux-gnu/libgz-plugin2.so.2.0.4  /usr/lib/x86_64-linux-gnu/libgz-rendering8.so.8.2.2  /usr/lib/x86_64-linux-gnu/libgz-common5-profiler.so.5.7.1  /usr/lib/x86_64-linux-gnu/libgz-common5-events.so.5.7.1  /usr/lib/x86_64-linux-gnu/libgz-common5-av.so.5.7.1  /usr/lib/x86_64-linux-gnu/libswscale.so  /usr/lib/x86_64-linux-gnu/libswscale.so  /usr/lib/x86_64-linux-gnu/libavdevice.so  /usr/lib/x86_64-linux-gnu/libavdevice.so  /usr/lib/x86_64-linux-gnu/libavformat.so  /usr/lib/x86_64-linux-gnu/libavformat.so  /usr/lib/x86_64-linux-gnu/libavcodec.so  /usr/lib/x86_64-linux-gnu/libavcodec.so  /usr/lib/x86_64-linux-gnu/libavutil.so  /usr/lib/x86_64-linux-gnu/libavutil.so  /usr/lib/x86_64-linux-gnu/libgz-common5-io.so.5.7.1  /usr/lib/x86_64-linux-gnu/libgz-common5-testing.so.5.7.1  /usr/lib/x86_64-linux-gnu/libgz-common5-geospatial.so.5.7.1  /usr/lib/x86_64-linux-gnu/libgz-common5-graphics.so.5.7.1  /usr/lib/x86_64-linux-gnu/libgz-common5.so.5.7.1  -lpthread  /usr/lib/x86_64-linux-gnu/libgz-transport13-parameters.so.13.4.1  /usr/lib/x86_64-linux-gnu/libgz-transport13.so.13.4.1  /usr/lib/x86_64-linux-gnu/libgz-msgs10.so.10.3.2  /usr/lib/x86_64-linux-gnu/libgz-math7.so.7.5.1  /usr/local/lib/libtinyxml2.a  /usr/local/lib/libtinyxml2.a  /usr/lib/x86_64-linux-gnu/libuuid.so  /usr/lib/x86_64-linux-gnu/libuuid.so  /usr/lib/x86_64-linux-gnu/libgz-utils2.so.2.2.1  /usr/lib/x86_64-linux-gnu/libprotobuf.so  -lgstapp-1.0  -lgstbase-1.0 && :
/usr/bin/ld.gold: error: /usr/local/lib/libtinyxml2.a(tinyxml2.cpp.o): requires dynamic R_X86_64_PC32 reloc against '_ZN8tinyxml27XMLUtil13writeBoolTrueE' which may overflow at runtime; recompile with -fPIC
/usr/bin/ld.gold: error: /usr/local/lib/libtinyxml2.a(tinyxml2.cpp.o): requires dynamic R_X86_64_PC32 reloc against '_ZTVN8tinyxml210XMLVisitorE' which may overflow at runtime; recompile with -fPIC
/usr/bin/ld.gold: error: /usr/local/lib/libtinyxml2.a(tinyxml2.cpp.o): requires dynamic R_X86_64_PC32 reloc against '_ZTVN8tinyxml27XMLTextE' which may overflow at runtime; recompile with -fPIC
/usr/bin/ld.gold: error: /usr/local/lib/libtinyxml2.a(tinyxml2.cpp.o): requires dynamic R_X86_64_PC32 reloc against '_ZTVN8tinyxml27XMLTextE' which may overflow at runtime; recompile with -fPIC
/usr/bin/ld.gold: error: /usr/local/lib/libtinyxml2.a(tinyxml2.cpp.o): requires dynamic R_X86_64_PC32 reloc against '_ZTVN8tinyxml212XMLAttributeE' which may overflow at runtime; recompile with -fPIC
/usr/bin/ld.gold: error: /usr/local/lib/libtinyxml2.a(tinyxml2.cpp.o): requires dynamic R_X86_64_PC32 reloc against '_ZTVN8tinyxml212XMLAttributeE' which may overflow at runtime; recompile with -fPIC
/usr/bin/ld.gold: error: /usr/local/lib/libtinyxml2.a(tinyxml2.cpp.o): requires dynamic R_X86_64_PC32 reloc against '_ZTVN8tinyxml210XMLPrinterE' which may overflow at runtime; recompile with -fPIC
/usr/bin/ld.gold: error: /usr/local/lib/libtinyxml2.a(tinyxml2.cpp.o): requires dynamic R_X86_64_PC32 reloc against '_ZTVN8tinyxml210XMLVisitorE' which may overflow at runtime; recompile with -fPIC
collect2: error: ld returned 1 exit status
[4/302] : && /usr/bin/c++ -fPIC -O2 -g -DNDEBUG  -fuse-ld=gold -shared -Wl,-soname,libMovingPlatformController.so -o src/modules/simulation/gz_plugins/libMovingPlatformController.so src/modules/simulation/gz_plugins/moving_platform_controller/CMakeFiles/MovingPlatformController.dir/MovingPlatformController.cpp.o -L/home/daroe/PX4-Autopilot_thyra/build/px4_sitl_default/external/Install/lib -Wl,-rpath,/home/daroe/PX4-Autopilot_thyra/build/px4_sitl_default/external/Install/lib  src/modules/simulation/gz_msgs/libpx4_gz_msgs.a  /usr/lib/x86_64-linux-gnu/libgz-sensors8.so.8.2.2  /usr/lib/x86_64-linux-gnu/libgz-sim8.so.8.9.0  /usr/lib/x86_64-linux-gnu/libprotobuf.so  /usr/lib/x86_64-linux-gnu/libsdformat14.so.14.7.0  /usr/lib/x86_64-linux-gnu/libgz-fuel_tools9.so.9.1.1  /usr/lib/x86_64-linux-gnu/libgz-gui8.so.8.4.0  /usr/lib/x86_64-linux-gnu/libgz-plugin2-loader.so.2.0.4  /usr/lib/x86_64-linux-gnu/libQt5QuickControls2.so.5.15.3  /usr/lib/x86_64-linux-gnu/libQt5Quick.so.5.15.3  /usr/lib/x86_64-linux-gnu/libQt5QmlModels.so.5.15.3  /usr/lib/x86_64-linux-gnu/libQt5Qml.so.5.15.3  /usr/lib/x86_64-linux-gnu/libQt5Network.so.5.15.3  /usr/lib/x86_64-linux-gnu/libQt5Widgets.so.5.15.3  /usr/lib/x86_64-linux-gnu/libQt5Gui.so.5.15.3  /usr/lib/x86_64-linux-gnu/libQt5Core.so.5.15.3  /usr/lib/x86_64-linux-gnu/libgz-physics7.so.7.5.0  /usr/lib/x86_64-linux-gnu/libgz-plugin2.so.2.0.4  /usr/lib/x86_64-linux-gnu/libgz-rendering8.so.8.2.2  /usr/lib/x86_64-linux-gnu/libgz-common5-profiler.so.5.7.1  /usr/lib/x86_64-linux-gnu/libgz-common5-events.so.5.7.1  /usr/lib/x86_64-linux-gnu/libgz-common5-av.so.5.7.1  /usr/lib/x86_64-linux-gnu/libswscale.so  /usr/lib/x86_64-linux-gnu/libswscale.so  /usr/lib/x86_64-linux-gnu/libavdevice.so  /usr/lib/x86_64-linux-gnu/libavdevice.so  /usr/lib/x86_64-linux-gnu/libavformat.so  /usr/lib/x86_64-linux-gnu/libavformat.so  /usr/lib/x86_64-linux-gnu/libavcodec.so  /usr/lib/x86_64-linux-gnu/libavcodec.so  /usr/lib/x86_64-linux-gnu/libavutil.so  /usr/lib/x86_64-linux-gnu/libavutil.so  /usr/lib/x86_64-linux-gnu/libgz-common5-io.so.5.7.1  /usr/lib/x86_64-linux-gnu/libgz-common5-testing.so.5.7.1  /usr/lib/x86_64-linux-gnu/libgz-common5-geospatial.so.5.7.1  /usr/lib/x86_64-linux-gnu/libgz-common5-graphics.so.5.7.1  /usr/lib/x86_64-linux-gnu/libgz-common5.so.5.7.1  -lpthread  /usr/lib/x86_64-linux-gnu/libgz-transport13-parameters.so.13.4.1  /usr/lib/x86_64-linux-gnu/libgz-transport13.so.13.4.1  /usr/lib/x86_64-linux-gnu/libgz-msgs10.so.10.3.2  /usr/lib/x86_64-linux-gnu/libgz-math7.so.7.5.1  /usr/local/lib/libtinyxml2.a  /usr/local/lib/libtinyxml2.a  /usr/lib/x86_64-linux-gnu/libuuid.so  /usr/lib/x86_64-linux-gnu/libuuid.so  /usr/lib/x86_64-linux-gnu/libgz-utils2.so.2.2.1  /usr/lib/x86_64-linux-gnu/libprotobuf.so && :
FAILED: src/modules/simulation/gz_plugins/libMovingPlatformController.so 
: && /usr/bin/c++ -fPIC -O2 -g -DNDEBUG  -fuse-ld=gold -shared -Wl,-soname,libMovingPlatformController.so -o src/modules/simulation/gz_plugins/libMovingPlatformController.so src/modules/simulation/gz_plugins/moving_platform_controller/CMakeFiles/MovingPlatformController.dir/MovingPlatformController.cpp.o -L/home/daroe/PX4-Autopilot_thyra/build/px4_sitl_default/external/Install/lib -Wl,-rpath,/home/daroe/PX4-Autopilot_thyra/build/px4_sitl_default/external/Install/lib  src/modules/simulation/gz_msgs/libpx4_gz_msgs.a  /usr/lib/x86_64-linux-gnu/libgz-sensors8.so.8.2.2  /usr/lib/x86_64-linux-gnu/libgz-sim8.so.8.9.0  /usr/lib/x86_64-linux-gnu/libprotobuf.so  /usr/lib/x86_64-linux-gnu/libsdformat14.so.14.7.0  /usr/lib/x86_64-linux-gnu/libgz-fuel_tools9.so.9.1.1  /usr/lib/x86_64-linux-gnu/libgz-gui8.so.8.4.0  /usr/lib/x86_64-linux-gnu/libgz-plugin2-loader.so.2.0.4  /usr/lib/x86_64-linux-gnu/libQt5QuickControls2.so.5.15.3  /usr/lib/x86_64-linux-gnu/libQt5Quick.so.5.15.3  /usr/lib/x86_64-linux-gnu/libQt5QmlModels.so.5.15.3  /usr/lib/x86_64-linux-gnu/libQt5Qml.so.5.15.3  /usr/lib/x86_64-linux-gnu/libQt5Network.so.5.15.3  /usr/lib/x86_64-linux-gnu/libQt5Widgets.so.5.15.3  /usr/lib/x86_64-linux-gnu/libQt5Gui.so.5.15.3  /usr/lib/x86_64-linux-gnu/libQt5Core.so.5.15.3  /usr/lib/x86_64-linux-gnu/libgz-physics7.so.7.5.0  /usr/lib/x86_64-linux-gnu/libgz-plugin2.so.2.0.4  /usr/lib/x86_64-linux-gnu/libgz-rendering8.so.8.2.2  /usr/lib/x86_64-linux-gnu/libgz-common5-profiler.so.5.7.1  /usr/lib/x86_64-linux-gnu/libgz-common5-events.so.5.7.1  /usr/lib/x86_64-linux-gnu/libgz-common5-av.so.5.7.1  /usr/lib/x86_64-linux-gnu/libswscale.so  /usr/lib/x86_64-linux-gnu/libswscale.so  /usr/lib/x86_64-linux-gnu/libavdevice.so  /usr/lib/x86_64-linux-gnu/libavdevice.so  /usr/lib/x86_64-linux-gnu/libavformat.so  /usr/lib/x86_64-linux-gnu/libavformat.so  /usr/lib/x86_64-linux-gnu/libavcodec.so  /usr/lib/x86_64-linux-gnu/libavcodec.so  /usr/lib/x86_64-linux-gnu/libavutil.so  /usr/lib/x86_64-linux-gnu/libavutil.so  /usr/lib/x86_64-linux-gnu/libgz-common5-io.so.5.7.1  /usr/lib/x86_64-linux-gnu/libgz-common5-testing.so.5.7.1  /usr/lib/x86_64-linux-gnu/libgz-common5-geospatial.so.5.7.1  /usr/lib/x86_64-linux-gnu/libgz-common5-graphics.so.5.7.1  /usr/lib/x86_64-linux-gnu/libgz-common5.so.5.7.1  -lpthread  /usr/lib/x86_64-linux-gnu/libgz-transport13-parameters.so.13.4.1  /usr/lib/x86_64-linux-gnu/libgz-transport13.so.13.4.1  /usr/lib/x86_64-linux-gnu/libgz-msgs10.so.10.3.2  /usr/lib/x86_64-linux-gnu/libgz-math7.so.7.5.1  /usr/local/lib/libtinyxml2.a  /usr/local/lib/libtinyxml2.a  /usr/lib/x86_64-linux-gnu/libuuid.so  /usr/lib/x86_64-linux-gnu/libuuid.so  /usr/lib/x86_64-linux-gnu/libgz-utils2.so.2.2.1  /usr/lib/x86_64-linux-gnu/libprotobuf.so && :
/usr/bin/ld.gold: error: /usr/local/lib/libtinyxml2.a(tinyxml2.cpp.o): requires dynamic R_X86_64_PC32 reloc against '_ZN8tinyxml27XMLUtil13writeBoolTrueE' which may overflow at runtime; recompile with -fPIC
/usr/bin/ld.gold: error: /usr/local/lib/libtinyxml2.a(tinyxml2.cpp.o): requires dynamic R_X86_64_PC32 reloc against '_ZTVN8tinyxml210XMLVisitorE' which may overflow at runtime; recompile with -fPIC
/usr/bin/ld.gold: error: /usr/local/lib/libtinyxml2.a(tinyxml2.cpp.o): requires dynamic R_X86_64_PC32 reloc against '_ZTVN8tinyxml27XMLTextE' which may overflow at runtime; recompile with -fPIC
/usr/bin/ld.gold: error: /usr/local/lib/libtinyxml2.a(tinyxml2.cpp.o): requires dynamic R_X86_64_PC32 reloc against '_ZTVN8tinyxml27XMLTextE' which may overflow at runtime; recompile with -fPIC
/usr/bin/ld.gold: error: /usr/local/lib/libtinyxml2.a(tinyxml2.cpp.o): requires dynamic R_X86_64_PC32 reloc against '_ZTVN8tinyxml212XMLAttributeE' which may overflow at runtime; recompile with -fPIC
/usr/bin/ld.gold: error: /usr/local/lib/libtinyxml2.a(tinyxml2.cpp.o): requires dynamic R_X86_64_PC32 reloc against '_ZTVN8tinyxml212XMLAttributeE' which may overflow at runtime; recompile with -fPIC
/usr/bin/ld.gold: error: /usr/local/lib/libtinyxml2.a(tinyxml2.cpp.o): requires dynamic R_X86_64_PC32 reloc against '_ZTVN8tinyxml210XMLPrinterE' which may overflow at runtime; recompile with -fPIC
/usr/bin/ld.gold: error: /usr/local/lib/libtinyxml2.a(tinyxml2.cpp.o): requires dynamic R_X86_64_PC32 reloc against '_ZTVN8tinyxml210XMLVisitorE' which may overflow at runtime; recompile with -fPIC
collect2: error: ld returned 1 exit status
[5/302] /usr/bin/ccache /usr/bin/c++ -DCONFIG_ARCH_BOARD_PX4_SITL -DENABLE_LOCKSTEP_SCHEDULER -DMODULE_NAME=\"system_power_simulator\" -DPX4_MAIN=system_power_simulator_app_main -D__CUSTOM_FILE_IO__ -D__PX4_LINUX -D__PX4_POSIX -D__STDC_FORMAT_MACROS -Dnoreturn_function="__attribute__((noreturn))" -I/home/daroe/PX4-Autopilot_thyra/boards/px4/sitl/src -I/home/daroe/PX4-Autopilot_thyra/platforms/posix/src/px4/common/include -I/home/daroe/PX4-Autopilot_thyra/build/px4_sitl_default -I/home/daroe/PX4-Autopilot_thyra/build/px4_sitl_default/src/lib -I/home/daroe/PX4-Autopilot_thyra/platforms/posix/src/px4/generic/generic/include -I/home/daroe/PX4-Autopilot_thyra/platforms/common -I/home/daroe/PX4-Autopilot_thyra/platforms/common/include -I/home/daroe/PX4-Autopilot_thyra/src -I/home/daroe/PX4-Autopilot_thyra/src/include -I/home/daroe/PX4-Autopilot_thyra/src/lib -I/home/daroe/PX4-Autopilot_thyra/src/lib/matrix -I/home/daroe/PX4-Autopilot_thyra/src/modules -I/home/daroe/PX4-Autopilot_thyra/platforms/posix/include -I/home/daroe/PX4-Autopilot_thyra/build/px4_sitl_default/external/Install/include -O2 -g -DNDEBUG -fPIC -g -fdata-sections -ffunction-sections -fomit-frame-pointer -fmerge-all-constants -fno-signed-zeros -fno-trapping-math -freciprocal-math -fno-math-errno -fno-strict-aliasing -fvisibility=hidden -include visibility.h -Wall -Wextra -Werror -Warray-bounds -Wcast-align -Wdisabled-optimization -Wdouble-promotion -Wfatal-errors -Wfloat-equal -Wformat-security -Winit-self -Wlogical-op -Wpointer-arith -Wshadow -Wuninitialized -Wunknown-pragmas -Wunused-variable -Wno-missing-field-initializers -Wno-missing-include-dirs -Wno-unused-parameter -fdiagnostics-color=always -Wno-stringop-truncation -fno-builtin-printf -fno-strength-reduce -Wformat=1 -Wunused-but-set-variable -Wno-format-truncation -fcheck-new -Wreorder -Wno-overloaded-virtual -std=gnu++14 -MD -MT src/modules/simulation/system_power_simulator/CMakeFiles/modules__simulation__system_power_simulator.dir/SystemPowerSimulator.cpp.o -MF src/modules/simulation/system_power_simulator/CMakeFiles/modules__simulation__system_power_simulator.dir/SystemPowerSimulator.cpp.o.d -o src/modules/simulation/system_power_simulator/CMakeFiles/modules__simulation__system_power_simulator.dir/SystemPowerSimulator.cpp.o -c /home/daroe/PX4-Autopilot_thyra/src/modules/simulation/system_power_simulator/SystemPowerSimulator.cpp
[6/302] /usr/bin/ccache /usr/bin/c++ -DCONFIG_ARCH_BOARD_PX4_SITL -DENABLE_LOCKSTEP_SCHEDULER -DMODULE_NAME=\"temperature_compensation\" -DPX4_MAIN=temperature_compensation_app_main -D__CUSTOM_FILE_IO__ -D__PX4_LINUX -D__PX4_POSIX -D__STDC_FORMAT_MACROS -Dnoreturn_function="__attribute__((noreturn))" -I/home/daroe/PX4-Autopilot_thyra/boards/px4/sitl/src -I/home/daroe/PX4-Autopilot_thyra/platforms/posix/src/px4/common/include -I/home/daroe/PX4-Autopilot_thyra/build/px4_sitl_default -I/home/daroe/PX4-Autopilot_thyra/build/px4_sitl_default/src/lib -I/home/daroe/PX4-Autopilot_thyra/platforms/posix/src/px4/generic/generic/include -I/home/daroe/PX4-Autopilot_thyra/platforms/common -I/home/daroe/PX4-Autopilot_thyra/platforms/common/include -I/home/daroe/PX4-Autopilot_thyra/src -I/home/daroe/PX4-Autopilot_thyra/src/include -I/home/daroe/PX4-Autopilot_thyra/src/lib -I/home/daroe/PX4-Autopilot_thyra/src/lib/matrix -I/home/daroe/PX4-Autopilot_thyra/src/modules -I/home/daroe/PX4-Autopilot_thyra/platforms/posix/include -I/home/daroe/PX4-Autopilot_thyra/build/px4_sitl_default/external/Install/include -O2 -g -DNDEBUG -fPIC -g -fdata-sections -ffunction-sections -fomit-frame-pointer -fmerge-all-constants -fno-signed-zeros -fno-trapping-math -freciprocal-math -fno-math-errno -fno-strict-aliasing -fvisibility=hidden -include visibility.h -Wall -Wextra -Werror -Warray-bounds -Wcast-align -Wdisabled-optimization -Wdouble-promotion -Wfatal-errors -Wfloat-equal -Wformat-security -Winit-self -Wlogical-op -Wpointer-arith -Wshadow -Wuninitialized -Wunknown-pragmas -Wunused-variable -Wno-missing-field-initializers -Wno-missing-include-dirs -Wno-unused-parameter -fdiagnostics-color=always -Wno-stringop-truncation -fno-builtin-printf -fno-strength-reduce -Wformat=1 -Wunused-but-set-variable -Wno-format-truncation -fcheck-new -Wreorder -Wno-overloaded-virtual -std=gnu++14 -MD -MT src/modules/temperature_compensation/CMakeFiles/modules__temperature_compensation.dir/TemperatureCompensation.cpp.o -MF src/modules/temperature_compensation/CMakeFiles/modules__temperature_compensation.dir/TemperatureCompensation.cpp.o.d -o src/modules/temperature_compensation/CMakeFiles/modules__temperature_compensation.dir/TemperatureCompensation.cpp.o -c /home/daroe/PX4-Autopilot_thyra/src/modules/temperature_compensation/TemperatureCompensation.cpp
[7/302] /usr/bin/ccache /usr/bin/c++ -DCONFIG_ARCH_BOARD_PX4_SITL -DENABLE_LOCKSTEP_SCHEDULER -DMODULE_NAME=\"temperature_compensation\" -DPX4_MAIN=temperature_compensation_app_main -D__CUSTOM_FILE_IO__ -D__PX4_LINUX -D__PX4_POSIX -D__STDC_FORMAT_MACROS -Dnoreturn_function="__attribute__((noreturn))" -I/home/daroe/PX4-Autopilot_thyra/boards/px4/sitl/src -I/home/daroe/PX4-Autopilot_thyra/platforms/posix/src/px4/common/include -I/home/daroe/PX4-Autopilot_thyra/build/px4_sitl_default -I/home/daroe/PX4-Autopilot_thyra/build/px4_sitl_default/src/lib -I/home/daroe/PX4-Autopilot_thyra/platforms/posix/src/px4/generic/generic/include -I/home/daroe/PX4-Autopilot_thyra/platforms/common -I/home/daroe/PX4-Autopilot_thyra/platforms/common/include -I/home/daroe/PX4-Autopilot_thyra/src -I/home/daroe/PX4-Autopilot_thyra/src/include -I/home/daroe/PX4-Autopilot_thyra/src/lib -I/home/daroe/PX4-Autopilot_thyra/src/lib/matrix -I/home/daroe/PX4-Autopilot_thyra/src/modules -I/home/daroe/PX4-Autopilot_thyra/platforms/posix/include -I/home/daroe/PX4-Autopilot_thyra/build/px4_sitl_default/external/Install/include -O2 -g -DNDEBUG -fPIC -g -fdata-sections -ffunction-sections -fomit-frame-pointer -fmerge-all-constants -fno-signed-zeros -fno-trapping-math -freciprocal-math -fno-math-errno -fno-strict-aliasing -fvisibility=hidden -include visibility.h -Wall -Wextra -Werror -Warray-bounds -Wcast-align -Wdisabled-optimization -Wdouble-promotion -Wfatal-errors -Wfloat-equal -Wformat-security -Winit-self -Wlogical-op -Wpointer-arith -Wshadow -Wuninitialized -Wunknown-pragmas -Wunused-variable -Wno-missing-field-initializers -Wno-missing-include-dirs -Wno-unused-parameter -fdiagnostics-color=always -Wno-stringop-truncation -fno-builtin-printf -fno-strength-reduce -Wformat=1 -Wunused-but-set-variable -Wno-format-truncation -fcheck-new -Wreorder -Wno-overloaded-virtual -std=gnu++14 -MD -MT src/modules/temperature_compensation/CMakeFiles/modules__temperature_compensation.dir/temperature_calibration/gyro.cpp.o -MF src/modules/temperature_compensation/CMakeFiles/modules__temperature_compensation.dir/temperature_calibration/gyro.cpp.o.d -o src/modules/temperature_compensation/CMakeFiles/modules__temperature_compensation.dir/temperature_calibration/gyro.cpp.o -c /home/daroe/PX4-Autopilot_thyra/src/modules/temperature_compensation/temperature_calibration/gyro.cpp
[8/302] /usr/bin/ccache /usr/bin/c++ -DCONFIG_ARCH_BOARD_PX4_SITL -DENABLE_LOCKSTEP_SCHEDULER -DMODULE_NAME=\"sensor_airspeed_sim\" -DPX4_MAIN=sensor_airspeed_sim_app_main -D__CUSTOM_FILE_IO__ -D__PX4_LINUX -D__PX4_POSIX -D__STDC_FORMAT_MACROS -Dnoreturn_function="__attribute__((noreturn))" -I/home/daroe/PX4-Autopilot_thyra/boards/px4/sitl/src -I/home/daroe/PX4-Autopilot_thyra/platforms/posix/src/px4/common/include -I/home/daroe/PX4-Autopilot_thyra/build/px4_sitl_default -I/home/daroe/PX4-Autopilot_thyra/build/px4_sitl_default/src/lib -I/home/daroe/PX4-Autopilot_thyra/platforms/posix/src/px4/generic/generic/include -I/home/daroe/PX4-Autopilot_thyra/platforms/common -I/home/daroe/PX4-Autopilot_thyra/platforms/common/include -I/home/daroe/PX4-Autopilot_thyra/src -I/home/daroe/PX4-Autopilot_thyra/src/include -I/home/daroe/PX4-Autopilot_thyra/src/lib -I/home/daroe/PX4-Autopilot_thyra/src/lib/matrix -I/home/daroe/PX4-Autopilot_thyra/src/modules -I/home/daroe/PX4-Autopilot_thyra/platforms/posix/include -I/home/daroe/PX4-Autopilot_thyra/build/px4_sitl_default/external/Install/include -O2 -g -DNDEBUG -fPIC -g -fdata-sections -ffunction-sections -fomit-frame-pointer -fmerge-all-constants -fno-signed-zeros -fno-trapping-math -freciprocal-math -fno-math-errno -fno-strict-aliasing -fvisibility=hidden -include visibility.h -Wall -Wextra -Werror -Warray-bounds -Wcast-align -Wdisabled-optimization -Wdouble-promotion -Wfatal-errors -Wfloat-equal -Wformat-security -Winit-self -Wlogical-op -Wpointer-arith -Wshadow -Wuninitialized -Wunknown-pragmas -Wunused-variable -Wno-missing-field-initializers -Wno-missing-include-dirs -Wno-unused-parameter -fdiagnostics-color=always -Wno-stringop-truncation -fno-builtin-printf -fno-strength-reduce -Wformat=1 -Wunused-but-set-variable -Wno-format-truncation -fcheck-new -Wreorder -Wno-overloaded-virtual -std=gnu++14 -MD -MT src/modules/simulation/sensor_airspeed_sim/CMakeFiles/modules__simulation__sensor_airspeed_sim.dir/SensorAirspeedSim.cpp.o -MF src/modules/simulation/sensor_airspeed_sim/CMakeFiles/modules__simulation__sensor_airspeed_sim.dir/SensorAirspeedSim.cpp.o.d -o src/modules/simulation/sensor_airspeed_sim/CMakeFiles/modules__simulation__sensor_airspeed_sim.dir/SensorAirspeedSim.cpp.o -c /home/daroe/PX4-Autopilot_thyra/src/modules/simulation/sensor_airspeed_sim/SensorAirspeedSim.cpp
[9/302] /usr/bin/ccache /usr/bin/c++ -DCONFIG_ARCH_BOARD_PX4_SITL -DENABLE_LOCKSTEP_SCHEDULER -DMODULE_NAME=\"sensor_gps_sim\" -DPX4_MAIN=sensor_gps_sim_app_main -D__CUSTOM_FILE_IO__ -D__PX4_LINUX -D__PX4_POSIX -D__STDC_FORMAT_MACROS -Dnoreturn_function="__attribute__((noreturn))" -I/home/daroe/PX4-Autopilot_thyra/boards/px4/sitl/src -I/home/daroe/PX4-Autopilot_thyra/platforms/posix/src/px4/common/include -I/home/daroe/PX4-Autopilot_thyra/build/px4_sitl_default -I/home/daroe/PX4-Autopilot_thyra/build/px4_sitl_default/src/lib -I/home/daroe/PX4-Autopilot_thyra/platforms/posix/src/px4/generic/generic/include -I/home/daroe/PX4-Autopilot_thyra/platforms/common -I/home/daroe/PX4-Autopilot_thyra/platforms/common/include -I/home/daroe/PX4-Autopilot_thyra/src -I/home/daroe/PX4-Autopilot_thyra/src/include -I/home/daroe/PX4-Autopilot_thyra/src/lib -I/home/daroe/PX4-Autopilot_thyra/src/lib/matrix -I/home/daroe/PX4-Autopilot_thyra/src/modules -I/home/daroe/PX4-Autopilot_thyra/platforms/posix/include -I/home/daroe/PX4-Autopilot_thyra/build/px4_sitl_default/external/Install/include -O2 -g -DNDEBUG -fPIC -g -fdata-sections -ffunction-sections -fomit-frame-pointer -fmerge-all-constants -fno-signed-zeros -fno-trapping-math -freciprocal-math -fno-math-errno -fno-strict-aliasing -fvisibility=hidden -include visibility.h -Wall -Wextra -Werror -Warray-bounds -Wcast-align -Wdisabled-optimization -Wdouble-promotion -Wfatal-errors -Wfloat-equal -Wformat-security -Winit-self -Wlogical-op -Wpointer-arith -Wshadow -Wuninitialized -Wunknown-pragmas -Wunused-variable -Wno-missing-field-initializers -Wno-missing-include-dirs -Wno-unused-parameter -fdiagnostics-color=always -Wno-stringop-truncation -fno-builtin-printf -fno-strength-reduce -Wformat=1 -Wunused-but-set-variable -Wno-format-truncation -fcheck-new -Wreorder -Wno-overloaded-virtual -std=gnu++14 -MD -MT src/modules/simulation/sensor_gps_sim/CMakeFiles/modules__simulation__sensor_gps_sim.dir/SensorGpsSim.cpp.o -MF src/modules/simulation/sensor_gps_sim/CMakeFiles/modules__simulation__sensor_gps_sim.dir/SensorGpsSim.cpp.o.d -o src/modules/simulation/sensor_gps_sim/CMakeFiles/modules__simulation__sensor_gps_sim.dir/SensorGpsSim.cpp.o -c /home/daroe/PX4-Autopilot_thyra/src/modules/simulation/sensor_gps_sim/SensorGpsSim.cpp
[10/302] /usr/bin/ccache /usr/bin/c++ -DCONFIG_ARCH_BOARD_PX4_SITL -DENABLE_LOCKSTEP_SCHEDULER -DMODULE_NAME=\"temperature_compensation\" -DPX4_MAIN=temperature_compensation_app_main -D__CUSTOM_FILE_IO__ -D__PX4_LINUX -D__PX4_POSIX -D__STDC_FORMAT_MACROS -Dnoreturn_function="__attribute__((noreturn))" -I/home/daroe/PX4-Autopilot_thyra/boards/px4/sitl/src -I/home/daroe/PX4-Autopilot_thyra/platforms/posix/src/px4/common/include -I/home/daroe/PX4-Autopilot_thyra/build/px4_sitl_default -I/home/daroe/PX4-Autopilot_thyra/build/px4_sitl_default/src/lib -I/home/daroe/PX4-Autopilot_thyra/platforms/posix/src/px4/generic/generic/include -I/home/daroe/PX4-Autopilot_thyra/platforms/common -I/home/daroe/PX4-Autopilot_thyra/platforms/common/include -I/home/daroe/PX4-Autopilot_thyra/src -I/home/daroe/PX4-Autopilot_thyra/src/include -I/home/daroe/PX4-Autopilot_thyra/src/lib -I/home/daroe/PX4-Autopilot_thyra/src/lib/matrix -I/home/daroe/PX4-Autopilot_thyra/src/modules -I/home/daroe/PX4-Autopilot_thyra/platforms/posix/include -I/home/daroe/PX4-Autopilot_thyra/build/px4_sitl_default/external/Install/include -O2 -g -DNDEBUG -fPIC -g -fdata-sections -ffunction-sections -fomit-frame-pointer -fmerge-all-constants -fno-signed-zeros -fno-trapping-math -freciprocal-math -fno-math-errno -fno-strict-aliasing -fvisibility=hidden -include visibility.h -Wall -Wextra -Werror -Warray-bounds -Wcast-align -Wdisabled-optimization -Wdouble-promotion -Wfatal-errors -Wfloat-equal -Wformat-security -Winit-self -Wlogical-op -Wpointer-arith -Wshadow -Wuninitialized -Wunknown-pragmas -Wunused-variable -Wno-missing-field-initializers -Wno-missing-include-dirs -Wno-unused-parameter -fdiagnostics-color=always -Wno-stringop-truncation -fno-builtin-printf -fno-strength-reduce -Wformat=1 -Wunused-but-set-variable -Wno-format-truncation -fcheck-new -Wreorder -Wno-overloaded-virtual -std=gnu++14 -MD -MT src/modules/temperature_compensation/CMakeFiles/modules__temperature_compensation.dir/temperature_calibration/accel.cpp.o -MF src/modules/temperature_compensation/CMakeFiles/modules__temperature_compensation.dir/temperature_calibration/accel.cpp.o.d -o src/modules/temperature_compensation/CMakeFiles/modules__temperature_compensation.dir/temperature_calibration/accel.cpp.o -c /home/daroe/PX4-Autopilot_thyra/src/modules/temperature_compensation/temperature_calibration/accel.cpp
[11/302] /usr/bin/ccache /usr/bin/c++ -DCONFIG_ARCH_BOARD_PX4_SITL -DENABLE_LOCKSTEP_SCHEDULER -DMODULE_NAME=\"sensor_baro_sim\" -DPX4_MAIN=sensor_baro_sim_app_main -D__CUSTOM_FILE_IO__ -D__PX4_LINUX -D__PX4_POSIX -D__STDC_FORMAT_MACROS -Dnoreturn_function="__attribute__((noreturn))" -I/home/daroe/PX4-Autopilot_thyra/boards/px4/sitl/src -I/home/daroe/PX4-Autopilot_thyra/platforms/posix/src/px4/common/include -I/home/daroe/PX4-Autopilot_thyra/build/px4_sitl_default -I/home/daroe/PX4-Autopilot_thyra/build/px4_sitl_default/src/lib -I/home/daroe/PX4-Autopilot_thyra/platforms/posix/src/px4/generic/generic/include -I/home/daroe/PX4-Autopilot_thyra/platforms/common -I/home/daroe/PX4-Autopilot_thyra/platforms/common/include -I/home/daroe/PX4-Autopilot_thyra/src -I/home/daroe/PX4-Autopilot_thyra/src/include -I/home/daroe/PX4-Autopilot_thyra/src/lib -I/home/daroe/PX4-Autopilot_thyra/src/lib/matrix -I/home/daroe/PX4-Autopilot_thyra/src/modules -I/home/daroe/PX4-Autopilot_thyra/platforms/posix/include -I/home/daroe/PX4-Autopilot_thyra/build/px4_sitl_default/external/Install/include -O2 -g -DNDEBUG -fPIC -g -fdata-sections -ffunction-sections -fomit-frame-pointer -fmerge-all-constants -fno-signed-zeros -fno-trapping-math -freciprocal-math -fno-math-errno -fno-strict-aliasing -fvisibility=hidden -include visibility.h -Wall -Wextra -Werror -Warray-bounds -Wcast-align -Wdisabled-optimization -Wdouble-promotion -Wfatal-errors -Wfloat-equal -Wformat-security -Winit-self -Wlogical-op -Wpointer-arith -Wshadow -Wuninitialized -Wunknown-pragmas -Wunused-variable -Wno-missing-field-initializers -Wno-missing-include-dirs -Wno-unused-parameter -fdiagnostics-color=always -Wno-stringop-truncation -fno-builtin-printf -fno-strength-reduce -Wformat=1 -Wunused-but-set-variable -Wno-format-truncation -fcheck-new -Wreorder -Wno-overloaded-virtual -std=gnu++14 -MD -MT src/modules/simulation/sensor_baro_sim/CMakeFiles/modules__simulation__sensor_baro_sim.dir/SensorBaroSim.cpp.o -MF src/modules/simulation/sensor_baro_sim/CMakeFiles/modules__simulation__sensor_baro_sim.dir/SensorBaroSim.cpp.o.d -o src/modules/simulation/sensor_baro_sim/CMakeFiles/modules__simulation__sensor_baro_sim.dir/SensorBaroSim.cpp.o -c /home/daroe/PX4-Autopilot_thyra/src/modules/simulation/sensor_baro_sim/SensorBaroSim.cpp
[12/302] /usr/bin/ccache /usr/bin/c++ -DCONFIG_ARCH_BOARD_PX4_SITL -DENABLE_LOCKSTEP_SCHEDULER -DMODULE_NAME=\"pwm_out_sim\" -DPX4_MAIN=pwm_out_sim_app_main -D__CUSTOM_FILE_IO__ -D__PX4_LINUX -D__PX4_POSIX -D__STDC_FORMAT_MACROS -Dnoreturn_function="__attribute__((noreturn))" -I/home/daroe/PX4-Autopilot_thyra/boards/px4/sitl/src -I/home/daroe/PX4-Autopilot_thyra/platforms/posix/src/px4/common/include -I/home/daroe/PX4-Autopilot_thyra/build/px4_sitl_default -I/home/daroe/PX4-Autopilot_thyra/build/px4_sitl_default/src/lib -I/home/daroe/PX4-Autopilot_thyra/platforms/posix/src/px4/generic/generic/include -I/home/daroe/PX4-Autopilot_thyra/platforms/common -I/home/daroe/PX4-Autopilot_thyra/platforms/common/include -I/home/daroe/PX4-Autopilot_thyra/src -I/home/daroe/PX4-Autopilot_thyra/src/include -I/home/daroe/PX4-Autopilot_thyra/src/lib -I/home/daroe/PX4-Autopilot_thyra/src/lib/matrix -I/home/daroe/PX4-Autopilot_thyra/src/modules -I/home/daroe/PX4-Autopilot_thyra/platforms/posix/include -I/home/daroe/PX4-Autopilot_thyra/build/px4_sitl_default/external/Install/include -O2 -g -DNDEBUG -fPIC -g -fdata-sections -ffunction-sections -fomit-frame-pointer -fmerge-all-constants -fno-signed-zeros -fno-trapping-math -freciprocal-math -fno-math-errno -fno-strict-aliasing -fvisibility=hidden -include visibility.h -Wall -Wextra -Werror -Warray-bounds -Wcast-align -Wdisabled-optimization -Wdouble-promotion -Wfatal-errors -Wfloat-equal -Wformat-security -Winit-self -Wlogical-op -Wpointer-arith -Wshadow -Wuninitialized -Wunknown-pragmas -Wunused-variable -Wno-missing-field-initializers -Wno-missing-include-dirs -Wno-unused-parameter -fdiagnostics-color=always -Wno-stringop-truncation -fno-builtin-printf -fno-strength-reduce -Wformat=1 -Wunused-but-set-variable -Wno-format-truncation -fcheck-new -Wreorder -Wno-overloaded-virtual -std=gnu++14 -MD -MT src/modules/simulation/pwm_out_sim/CMakeFiles/modules__simulation__pwm_out_sim.dir/PWMSim.cpp.o -MF src/modules/simulation/pwm_out_sim/CMakeFiles/modules__simulation__pwm_out_sim.dir/PWMSim.cpp.o.d -o src/modules/simulation/pwm_out_sim/CMakeFiles/modules__simulation__pwm_out_sim.dir/PWMSim.cpp.o -c /home/daroe/PX4-Autopilot_thyra/src/modules/simulation/pwm_out_sim/PWMSim.cpp
[13/302] /usr/bin/ccache /usr/bin/c++ -DCONFIG_ARCH_BOARD_PX4_SITL -DENABLE_LOCKSTEP_SCHEDULER -DMODULE_NAME=\"temperature_compensation\" -DPX4_MAIN=temperature_compensation_app_main -D__CUSTOM_FILE_IO__ -D__PX4_LINUX -D__PX4_POSIX -D__STDC_FORMAT_MACROS -Dnoreturn_function="__attribute__((noreturn))" -I/home/daroe/PX4-Autopilot_thyra/boards/px4/sitl/src -I/home/daroe/PX4-Autopilot_thyra/platforms/posix/src/px4/common/include -I/home/daroe/PX4-Autopilot_thyra/build/px4_sitl_default -I/home/daroe/PX4-Autopilot_thyra/build/px4_sitl_default/src/lib -I/home/daroe/PX4-Autopilot_thyra/platforms/posix/src/px4/generic/generic/include -I/home/daroe/PX4-Autopilot_thyra/platforms/common -I/home/daroe/PX4-Autopilot_thyra/platforms/common/include -I/home/daroe/PX4-Autopilot_thyra/src -I/home/daroe/PX4-Autopilot_thyra/src/include -I/home/daroe/PX4-Autopilot_thyra/src/lib -I/home/daroe/PX4-Autopilot_thyra/src/lib/matrix -I/home/daroe/PX4-Autopilot_thyra/src/modules -I/home/daroe/PX4-Autopilot_thyra/platforms/posix/include -I/home/daroe/PX4-Autopilot_thyra/build/px4_sitl_default/external/Install/include -O2 -g -DNDEBUG -fPIC -g -fdata-sections -ffunction-sections -fomit-frame-pointer -fmerge-all-constants -fno-signed-zeros -fno-trapping-math -freciprocal-math -fno-math-errno -fno-strict-aliasing -fvisibility=hidden -include visibility.h -Wall -Wextra -Werror -Warray-bounds -Wcast-align -Wdisabled-optimization -Wdouble-promotion -Wfatal-errors -Wfloat-equal -Wformat-security -Winit-self -Wlogical-op -Wpointer-arith -Wshadow -Wuninitialized -Wunknown-pragmas -Wunused-variable -Wno-missing-field-initializers -Wno-missing-include-dirs -Wno-unused-parameter -fdiagnostics-color=always -Wno-stringop-truncation -fno-builtin-printf -fno-strength-reduce -Wformat=1 -Wunused-but-set-variable -Wno-format-truncation -fcheck-new -Wreorder -Wno-overloaded-virtual -std=gnu++14 -MD -MT src/modules/temperature_compensation/CMakeFiles/modules__temperature_compensation.dir/temperature_calibration/baro.cpp.o -MF src/modules/temperature_compensation/CMakeFiles/modules__temperature_compensation.dir/temperature_calibration/baro.cpp.o.d -o src/modules/temperature_compensation/CMakeFiles/modules__temperature_compensation.dir/temperature_calibration/baro.cpp.o -c /home/daroe/PX4-Autopilot_thyra/src/modules/temperature_compensation/temperature_calibration/baro.cpp
[14/302] /usr/bin/ccache /usr/bin/c++ -DCONFIG_ARCH_BOARD_PX4_SITL -DENABLE_LOCKSTEP_SCHEDULER -DMODULE_NAME=\"sensor_agp_sim\" -DPX4_MAIN=sensor_agp_sim_app_main -D__CUSTOM_FILE_IO__ -D__PX4_LINUX -D__PX4_POSIX -D__STDC_FORMAT_MACROS -Dnoreturn_function="__attribute__((noreturn))" -I/home/daroe/PX4-Autopilot_thyra/boards/px4/sitl/src -I/home/daroe/PX4-Autopilot_thyra/platforms/posix/src/px4/common/include -I/home/daroe/PX4-Autopilot_thyra/build/px4_sitl_default -I/home/daroe/PX4-Autopilot_thyra/build/px4_sitl_default/src/lib -I/home/daroe/PX4-Autopilot_thyra/platforms/posix/src/px4/generic/generic/include -I/home/daroe/PX4-Autopilot_thyra/platforms/common -I/home/daroe/PX4-Autopilot_thyra/platforms/common/include -I/home/daroe/PX4-Autopilot_thyra/src -I/home/daroe/PX4-Autopilot_thyra/src/include -I/home/daroe/PX4-Autopilot_thyra/src/lib -I/home/daroe/PX4-Autopilot_thyra/src/lib/matrix -I/home/daroe/PX4-Autopilot_thyra/src/modules -I/home/daroe/PX4-Autopilot_thyra/platforms/posix/include -I/home/daroe/PX4-Autopilot_thyra/build/px4_sitl_default/external/Install/include -O2 -g -DNDEBUG -fPIC -g -fdata-sections -ffunction-sections -fomit-frame-pointer -fmerge-all-constants -fno-signed-zeros -fno-trapping-math -freciprocal-math -fno-math-errno -fno-strict-aliasing -fvisibility=hidden -include visibility.h -Wall -Wextra -Werror -Warray-bounds -Wcast-align -Wdisabled-optimization -Wdouble-promotion -Wfatal-errors -Wfloat-equal -Wformat-security -Winit-self -Wlogical-op -Wpointer-arith -Wshadow -Wuninitialized -Wunknown-pragmas -Wunused-variable -Wno-missing-field-initializers -Wno-missing-include-dirs -Wno-unused-parameter -fdiagnostics-color=always -Wno-stringop-truncation -fno-builtin-printf -fno-strength-reduce -Wformat=1 -Wunused-but-set-variable -Wno-format-truncation -fcheck-new -Wreorder -Wno-overloaded-virtual -std=gnu++14 -MD -MT src/modules/simulation/sensor_agp_sim/CMakeFiles/modules__simulation__sensor_agp_sim.dir/SensorAgpSim.cpp.o -MF src/modules/simulation/sensor_agp_sim/CMakeFiles/modules__simulation__sensor_agp_sim.dir/SensorAgpSim.cpp.o.d -o src/modules/simulation/sensor_agp_sim/CMakeFiles/modules__simulation__sensor_agp_sim.dir/SensorAgpSim.cpp.o -c /home/daroe/PX4-Autopilot_thyra/src/modules/simulation/sensor_agp_sim/SensorAgpSim.cpp
[15/302] /usr/bin/ccache /usr/bin/c++ -DCONFIG_ARCH_BOARD_PX4_SITL -DENABLE_LOCKSTEP_SCHEDULER -DMODULE_NAME=\"sensor_mag_sim\" -DPX4_MAIN=sensor_mag_sim_app_main -D__CUSTOM_FILE_IO__ -D__PX4_LINUX -D__PX4_POSIX -D__STDC_FORMAT_MACROS -Dnoreturn_function="__attribute__((noreturn))" -I/home/daroe/PX4-Autopilot_thyra/boards/px4/sitl/src -I/home/daroe/PX4-Autopilot_thyra/platforms/posix/src/px4/common/include -I/home/daroe/PX4-Autopilot_thyra/build/px4_sitl_default -I/home/daroe/PX4-Autopilot_thyra/build/px4_sitl_default/src/lib -I/home/daroe/PX4-Autopilot_thyra/platforms/posix/src/px4/generic/generic/include -I/home/daroe/PX4-Autopilot_thyra/platforms/common -I/home/daroe/PX4-Autopilot_thyra/platforms/common/include -I/home/daroe/PX4-Autopilot_thyra/src -I/home/daroe/PX4-Autopilot_thyra/src/include -I/home/daroe/PX4-Autopilot_thyra/src/lib -I/home/daroe/PX4-Autopilot_thyra/src/lib/matrix -I/home/daroe/PX4-Autopilot_thyra/src/modules -I/home/daroe/PX4-Autopilot_thyra/platforms/posix/include -I/home/daroe/PX4-Autopilot_thyra/build/px4_sitl_default/external/Install/include -O2 -g -DNDEBUG -fPIC -g -fdata-sections -ffunction-sections -fomit-frame-pointer -fmerge-all-constants -fno-signed-zeros -fno-trapping-math -freciprocal-math -fno-math-errno -fno-strict-aliasing -fvisibility=hidden -include visibility.h -Wall -Wextra -Werror -Warray-bounds -Wcast-align -Wdisabled-optimization -Wdouble-promotion -Wfatal-errors -Wfloat-equal -Wformat-security -Winit-self -Wlogical-op -Wpointer-arith -Wshadow -Wuninitialized -Wunknown-pragmas -Wunused-variable -Wno-missing-field-initializers -Wno-missing-include-dirs -Wno-unused-parameter -fdiagnostics-color=always -Wno-stringop-truncation -fno-builtin-printf -fno-strength-reduce -Wformat=1 -Wunused-but-set-variable -Wno-format-truncation -fcheck-new -Wreorder -Wno-overloaded-virtual -std=gnu++14 -MD -MT src/modules/simulation/sensor_mag_sim/CMakeFiles/modules__simulation__senosr_mag_sim.dir/SensorMagSim.cpp.o -MF src/modules/simulation/sensor_mag_sim/CMakeFiles/modules__simulation__senosr_mag_sim.dir/SensorMagSim.cpp.o.d -o src/modules/simulation/sensor_mag_sim/CMakeFiles/modules__simulation__senosr_mag_sim.dir/SensorMagSim.cpp.o -c /home/daroe/PX4-Autopilot_thyra/src/modules/simulation/sensor_mag_sim/SensorMagSim.cpp
[16/302] /usr/bin/ccache /usr/bin/c++ -DCONFIG_ARCH_BOARD_PX4_SITL -DENABLE_LOCKSTEP_SCHEDULER -DMODULE_NAME=\"temperature_compensation\" -DPX4_MAIN=temperature_compensation_app_main -D__CUSTOM_FILE_IO__ -D__PX4_LINUX -D__PX4_POSIX -D__STDC_FORMAT_MACROS -Dnoreturn_function="__attribute__((noreturn))" -I/home/daroe/PX4-Autopilot_thyra/boards/px4/sitl/src -I/home/daroe/PX4-Autopilot_thyra/platforms/posix/src/px4/common/include -I/home/daroe/PX4-Autopilot_thyra/build/px4_sitl_default -I/home/daroe/PX4-Autopilot_thyra/build/px4_sitl_default/src/lib -I/home/daroe/PX4-Autopilot_thyra/platforms/posix/src/px4/generic/generic/include -I/home/daroe/PX4-Autopilot_thyra/platforms/common -I/home/daroe/PX4-Autopilot_thyra/platforms/common/include -I/home/daroe/PX4-Autopilot_thyra/src -I/home/daroe/PX4-Autopilot_thyra/src/include -I/home/daroe/PX4-Autopilot_thyra/src/lib -I/home/daroe/PX4-Autopilot_thyra/src/lib/matrix -I/home/daroe/PX4-Autopilot_thyra/src/modules -I/home/daroe/PX4-Autopilot_thyra/platforms/posix/include -I/home/daroe/PX4-Autopilot_thyra/build/px4_sitl_default/external/Install/include -O2 -g -DNDEBUG -fPIC -g -fdata-sections -ffunction-sections -fomit-frame-pointer -fmerge-all-constants -fno-signed-zeros -fno-trapping-math -freciprocal-math -fno-math-errno -fno-strict-aliasing -fvisibility=hidden -include visibility.h -Wall -Wextra -Werror -Warray-bounds -Wcast-align -Wdisabled-optimization -Wdouble-promotion -Wfatal-errors -Wfloat-equal -Wformat-security -Winit-self -Wlogical-op -Wpointer-arith -Wshadow -Wuninitialized -Wunknown-pragmas -Wunused-variable -Wno-missing-field-initializers -Wno-missing-include-dirs -Wno-unused-parameter -fdiagnostics-color=always -Wno-stringop-truncation -fno-builtin-printf -fno-strength-reduce -Wformat=1 -Wunused-but-set-variable -Wno-format-truncation -fcheck-new -Wreorder -Wno-overloaded-virtual -std=gnu++14 -MD -MT src/modules/temperature_compensation/CMakeFiles/modules__temperature_compensation.dir/TemperatureCompensationModule.cpp.o -MF src/modules/temperature_compensation/CMakeFiles/modules__temperature_compensation.dir/TemperatureCompensationModule.cpp.o.d -o src/modules/temperature_compensation/CMakeFiles/modules__temperature_compensation.dir/TemperatureCompensationModule.cpp.o -c /home/daroe/PX4-Autopilot_thyra/src/modules/temperature_compensation/TemperatureCompensationModule.cpp
[17/302] /usr/bin/ccache /usr/bin/c++ -DCONFIG_ARCH_BOARD_PX4_SITL -DENABLE_LOCKSTEP_SCHEDULER -DMODULE_NAME=\"simulator_sih\" -DPX4_MAIN=simulator_sih_app_main -D__CUSTOM_FILE_IO__ -D__PX4_LINUX -D__PX4_POSIX -D__STDC_FORMAT_MACROS -Dnoreturn_function="__attribute__((noreturn))" -I/home/daroe/PX4-Autopilot_thyra/boards/px4/sitl/src -I/home/daroe/PX4-Autopilot_thyra/platforms/posix/src/px4/common/include -I/home/daroe/PX4-Autopilot_thyra/build/px4_sitl_default -I/home/daroe/PX4-Autopilot_thyra/build/px4_sitl_default/src/lib -I/home/daroe/PX4-Autopilot_thyra/platforms/posix/src/px4/generic/generic/include -I/home/daroe/PX4-Autopilot_thyra/platforms/common -I/home/daroe/PX4-Autopilot_thyra/platforms/common/include -I/home/daroe/PX4-Autopilot_thyra/src -I/home/daroe/PX4-Autopilot_thyra/src/include -I/home/daroe/PX4-Autopilot_thyra/src/lib -I/home/daroe/PX4-Autopilot_thyra/src/lib/matrix -I/home/daroe/PX4-Autopilot_thyra/src/modules -I/home/daroe/PX4-Autopilot_thyra/platforms/posix/include -I/home/daroe/PX4-Autopilot_thyra/build/px4_sitl_default/external/Install/include -O2 -g -DNDEBUG -fPIC -g -fdata-sections -ffunction-sections -fomit-frame-pointer -fmerge-all-constants -fno-signed-zeros -fno-trapping-math -freciprocal-math -fno-math-errno -fno-strict-aliasing -fvisibility=hidden -include visibility.h -Wall -Wextra -Werror -Warray-bounds -Wcast-align -Wdisabled-optimization -Wdouble-promotion -Wfatal-errors -Wfloat-equal -Wformat-security -Winit-self -Wlogical-op -Wpointer-arith -Wshadow -Wuninitialized -Wunknown-pragmas -Wunused-variable -Wno-missing-field-initializers -Wno-missing-include-dirs -Wno-unused-parameter -fdiagnostics-color=always -Wno-stringop-truncation -fno-builtin-printf -fno-strength-reduce -Wformat=1 -Wunused-but-set-variable -Wno-format-truncation -fcheck-new -Wreorder -Wno-overloaded-virtual -O2 -std=gnu++14 -MD -MT src/modules/simulation/simulator_sih/CMakeFiles/modules__simulation__simulator_sih.dir/sih.cpp.o -MF src/modules/simulation/simulator_sih/CMakeFiles/modules__simulation__simulator_sih.dir/sih.cpp.o.d -o src/modules/simulation/simulator_sih/CMakeFiles/modules__simulation__simulator_sih.dir/sih.cpp.o -c /home/daroe/PX4-Autopilot_thyra/src/modules/simulation/simulator_sih/sih.cpp
[18/302] /usr/bin/ccache /usr/bin/c++ -DCONFIG_ARCH_BOARD_PX4_SITL -DENABLE_LOCKSTEP_SCHEDULER -DMODULE_NAME=\"simulator_mavlink\" -DPX4_MAIN=simulator_mavlink_app_main -D__CUSTOM_FILE_IO__ -D__PX4_LINUX -D__PX4_POSIX -D__STDC_FORMAT_MACROS -Dnoreturn_function="__attribute__((noreturn))" -I/home/daroe/PX4-Autopilot_thyra/boards/px4/sitl/src -I/home/daroe/PX4-Autopilot_thyra/platforms/posix/src/px4/common/include -I/home/daroe/PX4-Autopilot_thyra/build/px4_sitl_default -I/home/daroe/PX4-Autopilot_thyra/build/px4_sitl_default/src/lib -I/home/daroe/PX4-Autopilot_thyra/platforms/posix/src/px4/generic/generic/include -I/home/daroe/PX4-Autopilot_thyra/platforms/common -I/home/daroe/PX4-Autopilot_thyra/platforms/common/include -I/home/daroe/PX4-Autopilot_thyra/src -I/home/daroe/PX4-Autopilot_thyra/src/include -I/home/daroe/PX4-Autopilot_thyra/src/lib -I/home/daroe/PX4-Autopilot_thyra/src/lib/matrix -I/home/daroe/PX4-Autopilot_thyra/src/modules -I/home/daroe/PX4-Autopilot_thyra/platforms/posix/include -I/home/daroe/PX4-Autopilot_thyra/build/px4_sitl_default/external/Install/include -I/home/daroe/PX4-Autopilot_thyra/build/px4_sitl_default/mavlink -I/home/daroe/PX4-Autopilot_thyra/build/px4_sitl_default/mavlink/development -O2 -g -DNDEBUG -fPIC -g -fdata-sections -ffunction-sections -fomit-frame-pointer -fmerge-all-constants -fno-signed-zeros -fno-trapping-math -freciprocal-math -fno-math-errno -fno-strict-aliasing -fvisibility=hidden -include visibility.h -Wall -Wextra -Werror -Warray-bounds -Wcast-align -Wdisabled-optimization -Wdouble-promotion -Wfatal-errors -Wfloat-equal -Wformat-security -Winit-self -Wlogical-op -Wpointer-arith -Wshadow -Wuninitialized -Wunknown-pragmas -Wunused-variable -Wno-missing-field-initializers -Wno-missing-include-dirs -Wno-unused-parameter -fdiagnostics-color=always -Wno-stringop-truncation -fno-builtin-printf -fno-strength-reduce -Wformat=1 -Wunused-but-set-variable -Wno-format-truncation -fcheck-new -Wreorder -Wno-overloaded-virtual -Wno-double-promotion -Wno-cast-align -Wno-address-of-packed-member -std=gnu++14 -MD -MT src/modules/simulation/simulator_mavlink/CMakeFiles/modules__simulation__simulator_mavlink.dir/SimulatorMavlink.cpp.o -MF src/modules/simulation/simulator_mavlink/CMakeFiles/modules__simulation__simulator_mavlink.dir/SimulatorMavlink.cpp.o.d -o src/modules/simulation/simulator_mavlink/CMakeFiles/modules__simulation__simulator_mavlink.dir/SimulatorMavlink.cpp.o -c /home/daroe/PX4-Autopilot_thyra/src/modules/simulation/simulator_mavlink/SimulatorMavlink.cpp
ninja: build stopped: subcommand failed.
make: *** [Makefile:227: px4_sitl] Error 1
